// Jest Snapshot v1, https://goo.gl/fbAQLP

exports[`CohortChart renders 1`] = `
<div>
  <table
    class="cohort-chart-root"
  >
    <thead>
      <tr>
        <th />
        <th
          class="table-column-text-end visitors-header"
        >
          Visitors
        </th>
        <th
          class="period table-column-text-center"
        >
          Month 0
        </th>
        <th
          class="period table-column-text-center"
        >
          Month 1
        </th>
      </tr>
      <tr>
        <th />
        <th
          class="table-column-text-end visitors"
        >
          10
        </th>
        <th
          class="table-column-text-center"
        >
          12.12%
        </th>
        <th
          class="table-column-text-center"
        >
          42.12%
        </th>
      </tr>
    </thead>
    <tbody>
      <tr>
        <td
          class="interval"
        >
          February
        </td>
        <td
          class="table-column-text-end visitors"
        >
          10
        </td>
        <td
          class="cohort-item-root table-column-text-center"
          style="background: rgb(0, 0, 0);"
        >
          <span
            class="retention"
          >
            12.12%
          </span>
        </td>
        <td
          class="cohort-item-root table-column-text-center"
          style="background: rgb(0, 0, 0);"
        >
          <span
            class="retention"
          >
            42.12%
          </span>
        </td>
      </tr>
      <tr>
        <td
          class="interval"
        >
          March
        </td>
        <td
          class="table-column-text-end visitors"
        >
          60
        </td>
        <td
          class="cohort-item-root table-column-text-center"
          style="background: rgb(0, 0, 0);"
        >
          <span
            class="retention"
          >
            22.11%
          </span>
        </td>
      </tr>
    </tbody>
  </table>
</div>
`;
